// Jest Snapshot v1, https://goo.gl/fbAQLP

exports[`Should render Admin Page correctly 1`] = `
<Styled(main)>
  <Button>
    Login
  </Button>
</Styled(main)>
`;
