// Jest Snapshot v1, https://goo.gl/fbAQLP

exports[`Should render Contage Page correctly 1`] = `
<Styled(div)>
  <ContactForm />
</Styled(div)>
`;
