// Jest Snapshot v1, https://goo.gl/fbAQLP

exports[`Should render Landing Page correctly 1`] = `
<Styled(main)>
  <Styled(div)>
    <Styled(h1)>
      HELLO.
    </Styled(h1)>
    <Styled(h2)>
      my name's Chris.
    </Styled(h2)>
  </Styled(div)>
</Styled(main)>
`;
